<?xml version="1.0" encoding="UTF-8"?>
<testsuites name="jest tests" tests="9" failures="0" time="2.072">
  <testsuite name="icon test" errors="0" failures="0" skipped="0" timestamp="2019-06-12T00:01:38" time="1.211" tests="7">
    <testcase classname="icon test is a svg" name="icon test is a svg" time="0.012">
    </testcase>
    <testcase classname="icon test is a HTML" name="icon test is a HTML" time="0.001">
    </testcase>
    <testcase classname="icon test onClick svg" name="icon test onClick svg" time="0.036">
    </testcase>
    <testcase classname="icon test onClick fabric" name="icon test onClick fabric" time="0.003">
    </testcase>
    <testcase classname="icon test onMouseLeave svg" name="icon test onMouseLeave svg" time="0.002">
    </testcase>
    <testcase classname="icon test onMouseLeave svg" name="icon test onMouseLeave svg" time="0.002">
    </testcase>
    <testcase classname="icon test onTouchCancel svg" name="icon test onTouchCancel svg" time="0.002">
    </testcase>
  </testsuite>
  <testsuite name="button test" errors="0" failures="0" skipped="0" timestamp="2019-06-12T00:01:40" time="0.126" tests="1">
    <testcase classname="button test is a div" name="button test is a div" time="0.002">
    </testcase>
  </testsuite>
  <testsuite name="hello" errors="0" failures="0" skipped="0" timestamp="2019-06-12T00:01:40" time="0.102" tests="1">
    <testcase classname="hello sum" name="hello sum" time="0.002">
    </testcase>
  </testsuite>
</testsuites>